chin_5.scl
cons9.scl
dimtetb.scl
div_fifth1.scl
div_fifth2.scl
div_fifth3.scl
div_fifth4.scl
div_fifth5.scl
farey3.scl
fj-5tet.scl
genggong.scl
golden_5.scl
gradus5.scl
harrison_5.scl
harrison_5_1.scl
harrison_5_3.scl
harrison_5_4.scl
harrison_min.scl
harrison_mix1.scl
harrison_mix2.scl
harrison_mix3.scl
harrison_mix4.scl
hexany15.scl
hexany16.scl
hexany17.scl
hexany18.scl
hexany19.scl
hexany22.scl
hexany23.scl
hexany24.scl
hexany25.scl
hexany26.scl
hirajoshi2.scl
ho_mai_nhi.scl
isfahan_5.scl
islamic.scl
iter28.scl
iter33.scl
iter9.scl
ji_5coh.scl
korea_5.scl
ligon8.scl
ligon9.scl
madimba.scl
malkauns.scl
minor_5.scl
mystic-r.scl
neutr_pent1.scl
neutr_pent2.scl
olympos.scl
p5.scl
pelog_jc.scl
pelog_mal.scl
pipedum_5a.scl
prime_5.scl
pygmie.scl
saba pentachord 19-limit.scl
saba pentachord 23-limit a+b.scl
saba pentachord 31-limit.scl
safi_buzurk.scl
safi_unnamed1.scl
safi_unnamed2.scl
safi_unnamed3.scl
safi_unnamed4.scl
safi_zirefkend-i.scl
schulter_pel.scl
segah-ferahnak pentachord 19-limit.scl
slendro5_1.scl
slendro5_2.scl
slendro5_4.scl
slendro9.scl
slendro_7_1.scl
slendro_7_2.scl
slendro_7_3.scl
slendro_7_4.scl
slendro_7_5.scl
slendro_7_6.scl
slendro_a1.scl
slendro_alves.scl
slendro_dudon.scl
slendro_m.scl
slendro_s1.scl
slendro_udan.scl
spon_mont.scl
spon_terp.scl
temp5ebf.scl
temp5ebs.scl
tranh.scl
tranh2.scl
