05-19.scl
05-22.scl
05-24.scl
balafon7.scl
bapere.scl
bohlen_pent_top.scl
cet53.scl
chin_lusheng.scl
chin_pipa.scl
chin_sientsu.scl
degung-sejati.scl
degung1.scl
degung2.scl
degung3.scl
degung4.scl
degung5.scl
degung6.scl
hirajoshi.scl
hirajoshi3.scl
iter13.scl
jemblung1.scl
jemblung2.scl
kacapi1.scl
kacapi10.scl
kacapi11.scl
kacapi2.scl
kacapi3.scl
kacapi4.scl
kacapi5.scl
kacapi6.scl
kacapi7.scl
kacapi8.scl
kacapi9.scl
kebyar-b.scl
kebyar-s.scl
kebyar-t.scl
keen1.scl
keen2.scl
keen3.scl
keen4.scl
keen5.scl
keen6.scl
madenda-sejati.scl
mbira_budongo.scl
mbira_budongo2.scl
mbira_chisanzhi4.scl
mbira_ekembe2.scl
mbira_ikembe.scl
mbira_ilimba.scl
mbira_isanzo.scl
mbira_kalimba.scl
mbira_katima.scl
mbira_kiliyo.scl
mbira_kombi.scl
mbira_limba.scl
mbira_mang_baru.scl
mbira_mbele_ko_fuku.scl
mbira_natine.scl
mbira_sansi.scl
mbira_sansi2.scl
melog.scl
miring.scl
miring1.scl
miring2.scl
mystic.scl
ogr5.scl
ogr5a.scl
ogr5b.scl
ogr5c.scl
pelog16.scl
pelog17.scl
pelog18.scl
pelog19.scl
pelog3.scl
penta_opt.scl
renteng1.scl
renteng2.scl
renteng4.scl
salunding.scl
sejati.scl
selisir.scl
selisir2.scl
selisir3.scl
selisir4.scl
selisir5.scl
selisir6.scl
sevish_no.scl
slendro.scl
slendro10.scl
slendro11.scl
slendro2.scl
slendro3.scl
slendro4.scl
slendro6.scl
slendro8.scl
slendro_ang.scl
slendro_ang2.scl
slendro_av.scl
slendro_gum.scl
slendro_ky1.scl
slendro_ky2.scl
slendro_madu.scl
slendro_pa.scl
slendro_pas.scl
slendro_pb.scl
slendro_pc.scl
slendro_q13.scl
slendro_wolf.scl
slendrob1.scl
slendrob2.scl
slendrob3.scl
slendroc1.scl
slendroc2.scl
slendroc3.scl
slendroc4.scl
slendroc5.scl
slendrod1.scl
smithgw72f.scl
smithgw72g.scl
sorog9.scl
surupan_ajeng.scl
surupan_degung.scl
surupan_madenda.scl
surupan_melog.scl
surupan_miring.scl
surupan_x.scl
surupan_y.scl
swet1.scl
swet2.scl
swet3.scl
swet4.scl
swet5.scl
swet6.scl
temes.scl
trawas.scl
wyschnegradsky.scl
xylophone3.scl
