buselik pentachord 13-limit.scl
buselik pentachord 19-limit.scl
bushmen.scl
chargah pentachord 7-limit.scl
cons8.scl
druri.scl
efg333.scl
efg555.scl
efg777.scl
hijaz pentachord 13-limit a.scl
hijaz pentachord 13-limit b.scl
hijaz pentachord 67-limit.scl
hijaz pentachord 7-limit.scl
huseyni pentachord 13-limit.scl
huseyni pentachord 19-limit.scl
huseyni pentachord 23-limit.scl
huseyni pentachord 71-limit.scl
huzzam pentachord 61-limit.scl
huzzam pentachord 79-limit.scl
iter31.scl
kukuya.scl
kurdi pentachord 17-limit.scl
mustear pentachord 17-limit.scl
mustear pentachord 5-limit.scl
nikriz pentachord 13-limit.scl
nikriz pentachord 29-limit.scl
nikriz pentachord 67-limit.scl
nikriz pentachord 7-limit.scl
ogr4.scl
ogr4a.scl
p4.scl
pelog20.scl
penchgah pentachord 7-limit.scl
rast pentachord 11-limit.scl
rast pentachord 31-limit.scl
rast pentachord 5-limit.scl
saba pentachord 13-limit a.scl
saba pentachord 13-limit b.scl
saba pentachord 23-limit a.scl
saba pentachord 23-limit b.scl
safi_isfahan.scl
safi_isfahan2.scl
safi_zirefkend.scl
scottj.scl
segah pentachord 17-limit.scl
segah pentachord 5-limit.scl
slendro12.scl
slendro13.scl
slendro14.scl
slendro15.scl
temp4ebmt.scl
temp4ebsi.scl
