07-19.scl
07-31.scl
07-37.scl
aeolic.scl
al-farabi.scl
al-farabi_blue.scl
al-farabi_chrom.scl
al-farabi_chrom2.scl
al-farabi_diat.scl
al-farabi_diat2.scl
al-farabi_dor.scl
al-farabi_dor2.scl
al-farabi_g1.scl
al-farabi_g10.scl
al-farabi_g11.scl
al-farabi_g12.scl
al-farabi_g3.scl
al-farabi_g4.scl
al-farabi_g5.scl
al-farabi_g6.scl
al-farabi_g7.scl
al-farabi_g8.scl
al-farabi_g9.scl
arabic_zanjaran_on_c.scl
arch_chrom.scl
arch_enh.scl
arch_enh3.scl
arch_enhp.scl
arch_enht.scl
arch_enht2.scl
arch_enht3.scl
arch_enht4.scl
arch_enht5.scl
arch_enht6.scl
arch_enht7.scl
archchro.scl
archytas7.scl
arist_archenh.scl
arist_chrom.scl
arist_chrom2.scl
arist_chrom3.scl
arist_chrom4.scl
arist_chromenh.scl
arist_chrominv.scl
arist_chromrej.scl
arist_chromunm.scl
arist_diat.scl
arist_diat2.scl
arist_diat3.scl
arist_diat4.scl
arist_diatdor.scl
arist_diatinv.scl
arist_diatred.scl
arist_diatred2.scl
arist_diatred3.scl
arist_enh.scl
arist_enh2.scl
arist_enh3.scl
arist_hemchrom.scl
arist_hemchrom2.scl
arist_hemchrom3.scl
arist_hypenh2.scl
arist_hypenh3.scl
arist_hypenh4.scl
arist_hypenh5.scl
arist_intdiat.scl
arist_penh2.scl
arist_penh3.scl
arist_pschrom2.scl
arist_softchrom.scl
arist_softchrom2.scl
arist_softchrom3.scl
arist_softchrom4.scl
arist_softchrom5.scl
arist_softdiat.scl
arist_softdiat2.scl
arist_softdiat3.scl
arist_softdiat4.scl
arist_softdiat5.scl
arist_softdiat6.scl
arist_softdiat7.scl
arist_synchrom.scl
arist_syndiat.scl
arist_unchrom.scl
arist_unchrom2.scl
arist_unchrom3.scl
arist_unchrom4.scl
athan_chrom.scl
avg_bac.scl
avicenna.scl
avicenna_chrom.scl
avicenna_chrom2.scl
avicenna_chrom3.scl
avicenna_diat.scl
avicenna_enh.scl
balafon.scl
balafon2.scl
balafon3.scl
balafon4.scl
balafon5.scl
balafon6.scl
barbour_chrom1.scl
barbour_chrom2.scl
barbour_chrom3.scl
barbour_chrom3p.scl
barbour_chrom3p2.scl
barbour_chrom4.scl
barbour_chrom4p.scl
barbour_chrom4p2.scl
boeth_chrom.scl
bohlen_arcturus.scl
bohlen_canopus.scl
bohlen_sirius.scl
bolivia.scl
breed-blues1.scl
breed-kleismic.scl
bug-pelog.scl
burma3.scl
cet167.scl
cet175.scl
cet175a.scl
cet195.scl
chahargah2.scl
chahargah3.scl
chin_7.scl
chin_bronze.scl
chin_di2.scl
chin_sheng.scl
chin_sona.scl
chin_wang-po.scl
chin_yangqin.scl
chin_yunlo.scl
chrom15.scl
chrom15_inv.scl
chrom15_inv2.scl
chrom17.scl
chrom17_con.scl
chrom19.scl
chrom19_con.scl
chrom21.scl
chrom21_inv.scl
chrom21_inv2.scl
chrom23.scl
chrom23_con.scl
chrom25.scl
chrom25_con.scl
chrom27.scl
chrom27_inv.scl
chrom27_inv2.scl
chrom29.scl
chrom29_con.scl
chrom33.scl
chrom33_con.scl
chrom_new.scl
chrom_new2.scl
chrom_soft.scl
chrom_soft2.scl
chrom_soft3.scl
chrys_diat-1st-ji.scl
chrys_diatenh-var-ji.scl
chrys_enhdiat-var-ji.scl
clampitt_phi.scl
coll7.scl
cons11.scl
cons_5.scl
cross_7.scl
cross_7a.scl
diaphonic_7.scl
diat13.scl
diat_chrom.scl
diat_dies2.scl
diat_dies5.scl
diat_enh.scl
diat_enh2.scl
diat_enh3.scl
diat_enh4.scl
diat_enh5.scl
diat_enh6.scl
diat_eq.scl
diat_eq2.scl
diat_hemchrom.scl
diat_smal.scl
diat_sofchrom.scl
diat_soft.scl
diat_soft2.scl
diat_soft3.scl
diat_soft4.scl
didy_chrom.scl
didy_chrom1.scl
didy_chrom2.scl
didy_chrom3.scl
didy_diat.scl
didy_enh.scl
didy_enh2.scl
diesic-m.scl
dimteta.scl
dorian_chrom2.scl
dorian_chrominv.scl
dorian_diatcon.scl
dorian_diatred11.scl
dorian_enh2.scl
dorian_enhinv.scl
dorian_pent.scl
dorian_tri1.scl
dorian_tri2.scl
dudon_a.scl
dudon_b.scl
dudon_c1.scl
dudon_c12.scl
dudon_diat.scl
dudon_hijazira.scl
dudon_meso-iph7.scl
dudon_moha_baya.scl
dudon_mohajira.scl
dudon_mohajira117.scl
dudon_mohajira_r.scl
dudon_rast-iph39.scl
dudon_rast-iph63.scl
dudon_thai.scl
dudon_thai2.scl
dudon_thai3.scl
elfjove7.scl
elfkeenanismic7.scl
elfleapday7.scl
elfmagic7.scl
elfmyna7.scl
enh14.scl
enh15.scl
enh15_inv.scl
enh15_inv2.scl
enh17.scl
enh17_con.scl
enh19.scl
enh19_con.scl
enh2.scl
enh21.scl
enh21_inv.scl
enh21_inv2.scl
enh23.scl
enh23_con.scl
enh25.scl
enh25_con.scl
enh27.scl
enh27_inv.scl
enh27_inv2.scl
enh29.scl
enh29_con.scl
enh33.scl
enh33_con.scl
enh_invcon.scl
enh_mod.scl
enh_perm.scl
epimore_enh.scl
eratos_chrom.scl
eratos_diat.scl
eratos_enh.scl
euler_enh.scl
exptriad2.scl
farnsworth.scl
finnamore_jc.scl
fj-7tet.scl
gorgo-pelog.scl
gradus6.scl
gunkali.scl
harm-doreninv1.scl
harm-dorinv1.scl
harm-lydchrinv1.scl
harm-lydeninv1.scl
harm-mixochrinv1.scl
harm-mixoeninv1.scl
harm1c-mix.scl
harm1c-mixolydian.scl
harm_bastard.scl
harm_bastinv.scl
harmd-15.scl
harmd-conmix.scl
harmd-mix.scl
harrison_diat.scl
harrison_handel.scl
harrison_kyai.scl
harrison_mid.scl
harrison_mid2.scl
helmholtz.scl
hem_chrom.scl
hem_chrom11.scl
hem_chrom13.scl
hem_chrom2.scl
hexany21a.scl
higgs.scl
hipkins.scl
hofmann1.scl
hofmann2.scl
hofmann_chrom.scl
huntington7.scl
huzzam.scl
hyper_enh.scl
hyper_enh2.scl
hypod_chrom2.scl
hypod_chrom2inv.scl
hypod_chromenh.scl
hypod_chrominv.scl
hypod_diatcon.scl
hypod_enhinv.scl
hypod_enhinv2.scl
hypol_chrominv2.scl
hypol_chrominv3.scl
hypol_diatcon.scl
hypol_enhinv2.scl
hypol_enhinv3.scl
hypop_chromenh.scl
hypop_chrominv.scl
hypop_chrominv2.scl
hypop_diatcon.scl
hypop_enhinv.scl
hypop_enhinv2.scl
indian-magrama.scl
indian-sagrama.scl
indian_a.scl
indian_b.scl
indian_c.scl
indian_d.scl
indian_e.scl
ionic.scl
iran_diat.scl
iter29.scl
iter35.scl
ives.scl
ives2a.scl
ives2b.scl
jademohaporc.scl
ji_7.scl
ji_7a.scl
johnson_7.scl
kora1.scl
kora2.scl
kora3.scl
kora4.scl
kring1.scl
kring2.scl
kring3.scl
kring3bp.scl
kring4.scl
kring5.scl
kring6.scl
lebanon.scl
ligon10.scl
ligon11.scl
ligon7.scl
liu_major.scl
liu_minor.scl
liu_pent.scl
lucy_7.scl
lydian_chrom2.scl
lydian_chrominv.scl
lydian_diatcon.scl
lydian_enh2.scl
lydian_enhinv.scl
lydian_pent.scl
lydian_tri.scl
lydian_tri2.scl
malcolm_me.scl
mavsynch7.scl
max7amarvwoo.scl
mbira_banda.scl
mbira_chilimba.scl
mbira_chisanzhi2.scl
mbira_deza.scl
mbira_kangombio.scl
mbira_kangombio2.scl
mbira_kankowela.scl
mbira_kankowela2.scl
mbira_kankowela3.scl
mbira_kankowele.scl
mbira_kunaka.scl
mbira_malimba.scl
mbira_marimbe.scl
mbira_mumamba.scl
mbira_neikembe.scl
mbira_zimb.scl
mboko_zither.scl
mean14_7.scl
mercury.scl
met24-byz-1st_pl-trans.scl
met24-byz-2nd_pl.scl
met24-byz-3rd-ditonic.scl
met24-byz-3rd.scl
met24-byz-4th_e.scl
met24-byz-4th_e2.scl
met24-byz-4th_pl-var1.scl
met24-byz-4th_pl-var2.scl
met24-byz-4th_pl.scl
met24-byz-barys_diat.scl
met24-byz-palace1.scl
met24-byz-palace2.scl
met24-byz-schrom.scl
met24-byz-schrom2.scl
met24-chrys_chrom-2nd_pl.scl
met24-chrys_chromdiat.scl
met24-chrys_diat-1st-68.scl
met24-chrys_diat-1st.scl
met24-chrys_diat-4th-68.scl
met24-chrys_diat-4th.scl
met24-chrys_diat-4th_pl.scl
met24-chrys_diatenh.scl
met24-chrys_enhdiat.scl
mid_enh1.scl
mid_enh2.scl
mixol_chrom2.scl
mixol_chrominv.scl
mixol_diatcon.scl
mixol_diatinv.scl
mixol_enh2.scl
mixol_enhinv.scl
mixol_penta.scl
mixol_tri1.scl
mixol_tri2.scl
mmmgeo1.scl
mmmgeo2.scl
mmmgeo3a.scl
mmmgeo4a.scl
mmmgeo4b.scl
mokhalif.scl
musaqa.scl
myna7opt.scl
neutr_diat.scl
new_enh.scl
new_enh2.scl
ochmohaporc.scl
oconnell_7.scl
ogr7.scl
palace2.scl
parachrom.scl
parizek_llt7.scl
patala.scl
pel-pelog.scl
pelog1.scl
pelog10.scl
pelog11.scl
pelog12.scl
pelog13.scl
pelog14.scl
pelog15.scl
pelog2.scl
pelog4.scl
pelog5.scl
pelog7.scl
pelog_24.scl
pelog_9.scl
pelog_a.scl
pelog_alves.scl
pelog_av.scl
pelog_b.scl
pelog_c.scl
pelog_he.scl
pelog_laras.scl
pelog_me1.scl
pelog_me2.scl
pelog_me3.scl
pelog_pa.scl
pelog_pa2.scl
pelog_pb.scl
pelog_pb2.scl
pelog_schmidt.scl
pepper_archytas7.scl
pepper_sengic7.scl
pepper_starling7.scl
pepper_zeus7.scl
perrett.scl
perrett_chrom.scl
phi_7b.scl
phi_7be.scl
phi_mos3.scl
phryg_chromcon2.scl
phryg_chromconi.scl
phryg_chrominv.scl
phryg_diatcon.scl
phryg_diatinv.scl
phryg_enh.scl
phryg_enhcon.scl
phryg_enhinv.scl
phryg_enhinv2.scl
phryg_penta.scl
phryg_tri1.scl
phryg_tri1inv.scl
phryg_tri2.scl
phryg_tri3.scl
poole.scl
portbag1.scl
pps7.scl
prime_7.scl
prooijen1.scl
prooijen2.scl
ps-dorian.scl
ps-enh.scl
ps-hypod.scl
ps-hypod2.scl
ps-mixol.scl
ptolemy.scl
ptolemy_chrom.scl
ptolemy_ddiat.scl
ptolemy_diat.scl
ptolemy_diat2.scl
ptolemy_diat3.scl
ptolemy_diat4.scl
ptolemy_diat5.scl
ptolemy_diff.scl
ptolemy_enh.scl
ptolemy_hom.scl
ptolemy_hominv.scl
ptolemy_iast.scl
ptolemy_iastaiol.scl
ptolemy_ichrom.scl
ptolemy_idiat.scl
ptolemy_malak.scl
ptolemy_malak2.scl
ptolemy_mdiat.scl
ptolemy_mdiat2.scl
ptolemy_mdiat3.scl
ptolemy_meta.scl
quint_chrom.scl
rast_11-limit.scl
rast_7-limit.scl
rast_moha.scl
rat_dorenh.scl
rat_hypodenh.scl
rat_hypodenh2.scl
rat_hypodenh3.scl
rat_hypodhex.scl
rat_hypodhex2.scl
rat_hypodhex3.scl
rat_hypodhex4.scl
rat_hypodhex5.scl
rat_hypodhex6.scl
rat_hypodpen.scl
rat_hypodpen2.scl
rat_hypodpen3.scl
rat_hypodpen4.scl
rat_hypodpen5.scl
rat_hypodpen6.scl
rat_hypodtri.scl
rat_hypodtri2.scl
rat_hypopchrom.scl
rat_hypopenh.scl
rat_hypoppen.scl
rat_hypoptri.scl
rat_hypoptri2.scl
redfield.scl
rogers_7.scl
sabbagh.scl
safi_diat.scl
safi_diat2.scl
safiyuddin_actual_rahavi.scl
salinas_enh.scl
sanza2.scl
savas_bardiat.scl
savas_barenh.scl
savas_chrom.scl
savas_diat.scl
savas_palace.scl
schulter_44_39-diat1.scl
schulter_diat7.scl
schulter_tedorian.scl
scotbag.scl
scotbag2.scl
scotbag3.scl
scotbag4.scl
secor_pelogic7.scl
segah2.scl
segah99.scl
segah_rat.scl
sekati1.scl
sekati2.scl
sekati3.scl
sekati4.scl
sekati5.scl
sekati6.scl
sekati7.scl
sekati8.scl
sekati9.scl
serre_enh.scl
sevish_22.scl
sevish_umbriel.scl
shahin_dance.scl
sharm1c-conm.scl
sharm1c-conp.scl
sharm1c-mix.scl
sharm1c-phr.scl
sharm1e-conm.scl
sharm1e-conp.scl
sharm1e-mix.scl
sharm1e-phr.scl
sharm2c-15.scl
sharm2e-15.scl
sheiman_7.scl
silver_7.scl
silvermean.scl
singapore.scl
singapore_coh.scl
sintemp_7.scl
slendro_laras.scl
smithgw72h.scl
smithgw_meansp.scl
starling7.scl
stearns.scl
stearns4.scl
sullivan7.scl
superfif7a.scl
superfif7b.scl
surupan_7.scl
syntonolydian.scl
tartini_7.scl
temp7ebf.scl
temp7ebnt.scl
thailand.scl
thailand2.scl
thailand3.scl
thailand5.scl
tiby1.scl
tiby2.scl
tiby3.scl
tiby4.scl
timbila1.scl
timbila2.scl
timbila3.scl
timbila4.scl
timbila5.scl
timbila6.scl
timbila7.scl
timbila8.scl
todi_av.scl
tritriad.scl
tritriad10.scl
tritriad11.scl
tritriad13.scl
tritriad14.scl
tritriad18.scl
tritriad22.scl
tritriad26.scl
tritriad3.scl
tritriad32.scl
tritriad3c.scl
tritriad3d.scl
tritriad5.scl
tritriad68.scl
tritriad68i.scl
tritriad69.scl
tritriad7.scl
tritriad9.scl
tsikno_2nd.scl
turkish.scl
turko-arabic_kurdi_on_d.scl
ulimba.scl
urmawi.scl
vertex_chrom.scl
vertex_chrom2.scl
vertex_chrom3.scl
vertex_chrom4.scl
vertex_diat.scl
vertex_diat10.scl
vertex_diat11.scl
vertex_diat12.scl
vertex_diat2.scl
vertex_diat4.scl
vertex_diat5.scl
vertex_diat7.scl
vertex_diat8.scl
vertex_diat9.scl
vertex_sdiat.scl
vertex_sdiat2.scl
vertex_sdiat3.scl
vertex_sdiat4.scl
vertex_sdiat5.scl
volans.scl
vong.scl
waka3-7-17.scl
wilson_bag.scl
wilson_enh.scl
wilson_enh2.scl
wilson_gh1.scl
wilson_gh11.scl
wilson_gh2.scl
wilson_hypenh.scl
wilson_pelog.scl
xenakis_chrom.scl
xenakis_diat.scl
xenakis_schrom.scl
young-wt.scl
zalzal.scl
zalzal2.scl
zarte24-volans_b.scl
zeus7tri.scl
