08-11.scl
08-13.scl
08-19.scl
08-37.scl
angklung.scl
arabic_rast_on_c.scl
arch_dor.scl
arch_enh2.scl
augteta.scl
augteta2.scl
augtetb.scl
augtetc.scl
augtetd.scl
augtete.scl
augtetf.scl
augtetg.scl
augteth.scl
b8_11.scl
beardsley_8.scl
bobro_phi.scl
boeth_enh.scl
bohlen_8.scl
bohlen_t.scl
bohlen_t_ji.scl
breed-blues2.scl
cet159.scl
cet163a.scl
cet98.scl
chalmers_isurd.scl
chalmers_surd.scl
chimes_peck.scl
chrom31.scl
chrom31_con.scl
cluster8b.scl
cluster8c.scl
cluster8d.scl
cluster8e.scl
cluster8f.scl
cluster8h.scl
cluster8i.scl
cluster8j.scl
cons12.scl
diamond_tetr.scl
diat15.scl
diat15_inv.scl
diat17.scl
diat19.scl
diat21.scl
diat21_inv.scl
diat23.scl
diat25.scl
diat27.scl
diat27_inv.scl
diat29.scl
diat31.scl
diat33.scl
dorian_diat2.scl
dorian_diat2inv.scl
dudon_phidiama.scl
efg3335.scl
efg3337.scl
efg3555.scl
efg357.scl
efg3711.scl
efg3777.scl
efg37777a.scl
efg5557.scl
efg5777.scl
elfleapday8d.scl
elfmagic8.scl
enh31.scl
enh31_con.scl
euler_diat.scl
euler_gm.scl
fibo_9.scl
finnamore.scl
fj-8tet.scl
gann_ghost.scl
harm1c-hypod.scl
harm1c-hypol.scl
harm1c-lydian.scl
harm24_8.scl
harm28_8.scl
harm8.scl
harme-hypod.scl
harme-hypol.scl
harrison_8.scl
hypod_diat2.scl
hypol_chrom.scl
hypol_chrominv.scl
hypol_diat.scl
hypol_diatinv.scl
hypol_enh.scl
hypol_enhinv.scl
hypol_pent.scl
hypol_tri.scl
hypol_tri2.scl
hypop_diat2.scl
hypop_diat2inv.scl
iraq.scl
iter2.scl
ji_8coh.scl
keentet.scl
kirkwood.scl
lemba8.scl
lydian_diat2.scl
lydian_diat2inv.scl
mambuti.scl
mcclain_8.scl
miracle_8.scl
mixol_diat2.scl
mixol_diatinv2.scl
nova-lesfip.scl
octocoh.scl
octone.scl
octony_min.scl
octony_rot.scl
octony_trans.scl
octony_trans2.scl
octony_trans3.scl
octony_trans4.scl
octony_trans5.scl
octony_trans6.scl
octony_u.scl
ogr8.scl
oktone.scl
oljare17.scl
pepper_archytas8.scl
pepper_sengic8.scl
pepper_zeus8.scl
phi_8.scl
phi_8a.scl
phi_inv_8.scl
phryg_diat.scl
phryg_diatsinv.scl
pipedum_8.scl
pipedum_8a.scl
pyth_chrom.scl
rapoport_8.scl
rat_hypolenh.scl
saba_sup.scl
safiyuddin_actual_buzurg.scl
safiyuddin_actual_isfahan.scl
safiyuddin_actual_zirefkend_octavedgenus.scl
santur1.scl
santur2.scl
sanza.scl
scholz.scl
schulter_rbuzurg-buzurg8_cup.scl
schulter_rbuzurg-buzurg_hijaz_cup.scl
sharm1c-dor.scl
sharm1c-lyd.scl
sharm1e-dor.scl
sharm1e-lyd.scl
sharm2c-hypod.scl
sharm2c-hypol.scl
sharm2c-hypop.scl
sharm2e-hypod.scl
sharm2e-hypol.scl
sharm2e-hypop.scl
sheiman_phi_r.scl
silver_8.scl
smithgw46.scl
smithgw46a.scl
smithgw72d.scl
smithgw72e.scl
smithgw_star.scl
smithgw_star2.scl
solar.scl
sparschuh-pc-div.scl
star-lesfip.scl
starling8.scl
sub8.scl
super_8.scl
temp8eb3q.scl
tenney_8.scl
tet3a.scl
tridec8.scl
ushaq99.scl
wauchope.scl
yarman_buselik.scl
yarman_hijaz.scl
yarman_nihavend.scl
zesster_a.scl
zesster_b.scl
zesster_c.scl
zeus8tri.scl
